MemTotal:       131924564 kB
MemFree:        93413200 kB
MemAvailable:   128618460 kB
Buffers:         1704208 kB
Cached:         31669660 kB
SwapCached:            0 kB
Active:         19109148 kB
Inactive:       15012204 kB
Active(anon):     898912 kB
Inactive(anon):   231536 kB
Active(file):   18210236 kB
Inactive(file): 14780668 kB
Unevictable:           0 kB
Mlocked:               0 kB
SwapTotal:             0 kB
SwapFree:              0 kB
Dirty:             19564 kB
Writeback:             0 kB
AnonPages:        746584 kB
Mapped:           119136 kB
Shmem:            382972 kB
Slab:            3835660 kB
SReclaimable:    3484680 kB
SUnreclaim:       350980 kB
KernelStack:       15948 kB
PageTables:         6592 kB
NFS_Unstable:          0 kB
Bounce:                0 kB
WritebackTmp:          0 kB
CommitLimit:    65962280 kB
Committed_AS:     690292 kB
VmallocTotal:   34359738367 kB
VmallocUsed:           0 kB
VmallocChunk:          0 kB
HardwareCorrupted:     0 kB
AnonHugePages:         0 kB
ShmemHugePages:        0 kB
ShmemPmdMapped:        0 kB
HugePages_Total:       0
HugePages_Free:        0
HugePages_Rsvd:        0
HugePages_Surp:        0
Hugepagesize:       2048 kB
DirectMap4k:     1164424 kB
DirectMap2M:    84719616 kB
DirectMap1G:    48234496 kB
