MemTotal:       131924564 kB
MemFree:        93714320 kB
MemAvailable:   128630984 kB
Buffers:         1700532 kB
Cached:         31406400 kB
SwapCached:            0 kB
Active:         18976928 kB
Inactive:       14876104 kB
Active(anon):     897536 kB
Inactive(anon):   231536 kB
Active(file):   18079392 kB
Inactive(file): 14644568 kB
Unevictable:           0 kB
Mlocked:               0 kB
SwapTotal:             0 kB
SwapFree:              0 kB
Dirty:             16828 kB
Writeback:             0 kB
AnonPages:        746100 kB
Mapped:           118776 kB
Shmem:            382972 kB
Slab:            3813840 kB
SReclaimable:    3463028 kB
SUnreclaim:       350812 kB
KernelStack:       15760 kB
PageTables:         5916 kB
NFS_Unstable:          0 kB
Bounce:                0 kB
WritebackTmp:          0 kB
CommitLimit:    65962280 kB
Committed_AS:     693512 kB
VmallocTotal:   34359738367 kB
VmallocUsed:           0 kB
VmallocChunk:          0 kB
HardwareCorrupted:     0 kB
AnonHugePages:         0 kB
ShmemHugePages:        0 kB
ShmemPmdMapped:        0 kB
HugePages_Total:       0
HugePages_Free:        0
HugePages_Rsvd:        0
HugePages_Surp:        0
Hugepagesize:       2048 kB
DirectMap4k:     1160328 kB
DirectMap2M:    84723712 kB
DirectMap1G:    48234496 kB
