MemTotal:       131753924 kB
MemFree:        108613152 kB
MemAvailable:   128150588 kB
Buffers:         1292392 kB
Cached:         16870768 kB
SwapCached:            0 kB
Active:          8312016 kB
Inactive:       10032296 kB
Active(anon):     292864 kB
Inactive(anon):   263168 kB
Active(file):    8019152 kB
Inactive(file):  9769128 kB
Unevictable:        2960 kB
Mlocked:            2960 kB
SwapTotal:             0 kB
SwapFree:              0 kB
Dirty:               604 kB
Writeback:             0 kB
AnonPages:        183448 kB
Mapped:           119212 kB
Shmem:            373152 kB
Slab:            3359520 kB
SReclaimable:    2738464 kB
SUnreclaim:       621056 kB
KernelStack:       15104 kB
PageTables:         3444 kB
NFS_Unstable:          0 kB
Bounce:                0 kB
WritebackTmp:          0 kB
CommitLimit:    65876960 kB
Committed_AS:    1857256 kB
VmallocTotal:   135290290112 kB
VmallocUsed:           0 kB
VmallocChunk:          0 kB
HardwareCorrupted:     0 kB
AnonHugePages:         0 kB
ShmemHugePages:        0 kB
ShmemPmdMapped:        0 kB
CmaTotal:              0 kB
CmaFree:               0 kB
HugePages_Total:       0
HugePages_Free:        0
HugePages_Rsvd:        0
HugePages_Surp:        0
Hugepagesize:       2048 kB
