MemTotal:       131924564 kB
MemFree:        93335220 kB
MemAvailable:   128638624 kB
Buffers:         1705444 kB
Cached:         31757820 kB
SwapCached:            0 kB
Active:         19144336 kB
Inactive:       15066116 kB
Active(anon):     898628 kB
Inactive(anon):   231536 kB
Active(file):   18245708 kB
Inactive(file): 14834580 kB
Unevictable:           0 kB
Mlocked:               0 kB
SwapTotal:             0 kB
SwapFree:              0 kB
Dirty:               120 kB
Writeback:             0 kB
AnonPages:        747564 kB
Mapped:           119744 kB
Shmem:            382972 kB
Slab:            3843672 kB
SReclaimable:    3493440 kB
SUnreclaim:       350232 kB
KernelStack:       15936 kB
PageTables:         6052 kB
NFS_Unstable:          0 kB
Bounce:                0 kB
WritebackTmp:          0 kB
CommitLimit:    65962280 kB
Committed_AS:     694456 kB
VmallocTotal:   34359738367 kB
VmallocUsed:           0 kB
VmallocChunk:          0 kB
HardwareCorrupted:     0 kB
AnonHugePages:         0 kB
ShmemHugePages:        0 kB
ShmemPmdMapped:        0 kB
HugePages_Total:       0
HugePages_Free:        0
HugePages_Rsvd:        0
HugePages_Surp:        0
Hugepagesize:       2048 kB
DirectMap4k:     1164424 kB
DirectMap2M:    84719616 kB
DirectMap1G:    48234496 kB
