MemTotal:       131924564 kB
MemFree:        93796592 kB
MemAvailable:   128622168 kB
Buffers:         1699344 kB
Cached:         31323836 kB
SwapCached:            0 kB
Active:         18943668 kB
Inactive:       14826712 kB
Active(anon):     898628 kB
Inactive(anon):   231536 kB
Active(file):   18045040 kB
Inactive(file): 14595176 kB
Unevictable:           0 kB
Mlocked:               0 kB
SwapTotal:             0 kB
SwapFree:              0 kB
Dirty:             17312 kB
Writeback:             4 kB
AnonPages:        745908 kB
Mapped:           119828 kB
Shmem:            382972 kB
Slab:            3806168 kB
SReclaimable:    3455684 kB
SUnreclaim:       350484 kB
KernelStack:       16236 kB
PageTables:         6624 kB
NFS_Unstable:          0 kB
Bounce:                0 kB
WritebackTmp:          0 kB
CommitLimit:    65962280 kB
Committed_AS:     679104 kB
VmallocTotal:   34359738367 kB
VmallocUsed:           0 kB
VmallocChunk:          0 kB
HardwareCorrupted:     0 kB
AnonHugePages:         0 kB
ShmemHugePages:        0 kB
ShmemPmdMapped:        0 kB
HugePages_Total:       0
HugePages_Free:        0
HugePages_Rsvd:        0
HugePages_Surp:        0
Hugepagesize:       2048 kB
DirectMap4k:     1160328 kB
DirectMap2M:    84723712 kB
DirectMap1G:    48234496 kB
